{
  "divmod": [
    [
      1,
      6
    ],
    [
      -2,
      -1
    ],
    [
      -2,
      1
    ],
    [
      1,
      -6
    ],
    [
      NaN,
      NaN
    ],
    [
      0.0,
      7.0
    ]
  ],
  "sum": [
    55,
    0
  ]
}